#-----------------------------------------------------------
# Vivado v2020.1 (64-bit)
# SW Build 2902540 on Wed May 27 19:54:49 MDT 2020
# IP Build 2902112 on Wed May 27 22:43:36 MDT 2020
# Start of session at: Mon Apr 21 12:54:55 2025
# Process ID: 84444
# Current directory: C:/Users/mj08696/Desktop/riscVprocessorPipeline
# Command line: vivado.exe -gui_launcher_event rodinguilauncherevent84044 C:\Users\mj08696\Desktop\riscVprocessorPipeline\riscVprocessor.xpr
# Log file: C:/Users/mj08696/Desktop/riscVprocessorPipeline/vivado.log
# Journal file: C:/Users/mj08696/Desktop/riscVprocessorPipeline\vivado.jou
#-----------------------------------------------------------
start_gui
open_project C:/Users/mj08696/Desktop/riscVprocessorPipeline/riscVprocessor.xpr
update_compile_order -fileset sources_1
launch_simulation
source test_processor.tcl
close_sim
launch_simulation
source test_processor.tcl
update_compile_order -fileset sources_1
update_compile_order -fileset sources_1
close_sim
launch_simulation
source test_processor.tcl
close_sim
launch_simulation
source test_processor.tcl
close_sim
launch_simulation
source test_processor.tcl
close_sim
launch_simulation
source test_processor.tcl
close_sim
launch_simulation
source test_processor.tcl
close_sim
launch_simulation
launch_simulation
source test_processor.tcl
close_sim
launch_simulation
source test_processor.tcl
close_sim
launch_simulation
source test_processor.tcl
close_sim
launch_simulation
source test_processor.tcl
update_compile_order -fileset sources_1
close_sim
launch_simulation
source test_processor.tcl
close_sim
launch_simulation
source test_processor.tcl
update_compile_order -fileset sources_1
close_sim
launch_simulation
source test_processor.tcl
close_sim
