#-----------------------------------------------------------
# Vivado v2020.1 (64-bit)
# SW Build 2902540 on Wed May 27 19:54:49 MDT 2020
# IP Build 2902112 on Wed May 27 22:43:36 MDT 2020
# Start of session at: Thu Nov 28 11:36:32 2024
# Process ID: 13984
# Current directory: D:/vivado/RISCVprocessor/riscVprocessorPipeline
# Command line: vivado.exe -gui_launcher_event rodinguilauncherevent12556 D:\vivado\RISCVprocessor\riscVprocessorPipeline\riscVprocessor.xpr
# Log file: D:/vivado/RISCVprocessor/riscVprocessorPipeline/vivado.log
# Journal file: D:/vivado/RISCVprocessor/riscVprocessorPipeline\vivado.jou
#-----------------------------------------------------------
start_gui
open_project D:/vivado/RISCVprocessor/riscVprocessorPipeline/riscVprocessor.xpr
update_compile_order -fileset sources_1
close [ open D:/vivado/RISCVprocessor/riscVprocessorPipeline/riscVprocessor.srcs/sources_1/new/forwardingUnit.v w ]
add_files D:/vivado/RISCVprocessor/riscVprocessorPipeline/riscVprocessor.srcs/sources_1/new/forwardingUnit.v
update_compile_order -fileset sources_1
close [ open D:/vivado/RISCVprocessor/riscVprocessorPipeline/riscVprocessor.srcs/sources_1/new/multiplexer3x1.v w ]
add_files D:/vivado/RISCVprocessor/riscVprocessorPipeline/riscVprocessor.srcs/sources_1/new/multiplexer3x1.v
update_compile_order -fileset sources_1
update_compile_order -fileset sources_1
update_compile_order -fileset sources_1
launch_simulation
source test_processor.tcl
close_sim
launch_simulation
source test_processor.tcl
close_sim
launch_simulation
source test_processor.tcl
close_sim
launch_simulation
source test_processor.tcl
close_sim
launch_simulation
source test_processor.tcl
close_sim
launch_simulation
source test_processor.tcl
close_sim
launch_simulation
source test_processor.tcl
close_sim
launch_simulation
source test_processor.tcl
close_sim
launch_simulation
source test_processor.tcl
close_sim
launch_simulation
source test_processor.tcl
close_sim
